[www.mukundexports.com/index.html]
[backblue.gif]
[fade.gif]
[index.html]
[www.mukundexports.com/index-2.html]
[www.mukundexports.com/images/logo.png]
[www.mukundexports.com/about-us.html]
[www.mukundexports.com/fresh-fruits.html]
[www.mukundexports.com/fresh-vegetables.html]
[www.mukundexports.com/leafy-vegetables.html]
[www.mukundexports.com/root-vegetables.html]
[www.mukundexports.com/pack-house.html]
[www.mukundexports.com/contact-us.html]
[www.mukundexports.com/images/slider/fresh-fruits-banner-1.jpg]
[www.mukundexports.com/images/slider/fresh-veggies-banner-1.jpg]
[www.mukundexports.com/images/slider/mukund-op.jpg]
[www.mukundexports.com/images/slider/export-banner-2.jpg]
[www.mukundexports.com/images/icons/004-broccoli.png]
[www.mukundexports.com/images/icons/003-lemon.png]
[www.mukundexports.com/images/about-us-1.jpg]
[www.mukundexports.com/images/icons/002-groceries.png]
[www.mukundexports.com/images/icons/001-flour.png]
[www.mukundexports.com/images/fresh-fruitsss.jpg]
[www.mukundexports.com/images/fresh-vegggies.jpg]
[www.mukundexports.com/images/leafy-veggies.jpg]
[www.mukundexports.com/images/root-veggies.jpg]
[www.mukundexports.com/images/apeda-logo-1.png]
[www.mukundexports.com/js/jquery-2.1.1.min.js]
[www.mukundexports.com/js/wow.min.js]
[www.mukundexports.com/js/menu-js.js]
[www.mukundexports.com/js/owl.carousel.min.js]
[www.mukundexports.com/rs-plugin/js/jquery.themepunch.plugins.min.js]
[www.mukundexports.com/rs-plugin/js/jquery.themepunch.revolution.min.js]
[www.mukundexports.com/rs-plugin/js/revoslider-custom.js]
[www.mukundexports.com/index.html]
[www.mukundexports.com/css/reset.css]
[www.mukundexports.com/fonts/glyphicons-halflings-regular.eot]
[www.mukundexports.com/fonts/glyphicons-halflings-regulard41d.eot]
[www.mukundexports.com/fonts/glyphicons-halflings-regular.woff2]
[www.mukundexports.com/fonts/glyphicons-halflings-regular.woff]
[www.mukundexports.com/fonts/glyphicons-halflings-regular.ttf]
[www.mukundexports.com/fonts/glyphicons-halflings-regular.svg]
[www.mukundexports.com/css/bootstrap.css]
[www.mukundexports.com/fonts/fontawesome-webfont3e6e.eot]
[www.mukundexports.com/fonts/fontawesome-webfontd41d.eot]
[www.mukundexports.com/fonts/fontawesome-webfont3e6e.woff2]
[www.mukundexports.com/fonts/fontawesome-webfont3e6e.woff]
[www.mukundexports.com/fonts/fontawesome-webfont3e6e.ttf]
[www.mukundexports.com/css/font-awesome.min.css]
[www.mukundexports.com/css/animate.css]
[www.mukundexports.com/images/footer-bg.jpg]
[www.mukundexports.com/images/back-bannernew.jpg]
[www.mukundexports.com/images/subscribe.jpg]
[www.mukundexports.com/css/custom.css]
[www.mukundexports.com/css/menu-style.css]
[www.mukundexports.com/css/owl.video.play.png]
[www.mukundexports.com/css/owl.carousel.css]
[www.mukundexports.com/css/owl.theme.default.min.css]
[www.mukundexports.com/rs-plugin/images/gradient/g30.png]
[www.mukundexports.com/rs-plugin/images/gradient/g40.png]
[www.mukundexports.com/rs-plugin/assets/shadow1.png]
[www.mukundexports.com/rs-plugin/assets/shadow2.png]
[www.mukundexports.com/rs-plugin/assets/shadow3.png]
[www.mukundexports.com/rs-plugin/assets/gridtile.png]
[www.mukundexports.com/rs-plugin/assets/gridtile_white.png]
[www.mukundexports.com/rs-plugin/assets/gridtile_3x3.png]
[www.mukundexports.com/rs-plugin/assets/gridtile_3x3_white.png]
[www.mukundexports.com/rs-plugin/assets/boxed_bgtile.png]
[www.mukundexports.com/rs-plugin/assets/navigdots_bgtile.png]
[www.mukundexports.com/rs-plugin/assets/bullet.png]
[www.mukundexports.com/rs-plugin/assets/bullets.png]
[www.mukundexports.com/rs-plugin/assets/bullets2.png]
[www.mukundexports.com/rs-plugin/assets/bullet_boxed.png]
[www.mukundexports.com/rs-plugin/assets/navigdots.png]
[www.mukundexports.com/rs-plugin/assets/large_left.png]
[www.mukundexports.com/rs-plugin/assets/large_right.png]
[www.mukundexports.com/rs-plugin/assets/small_left.png]
[www.mukundexports.com/rs-plugin/assets/small_right.png]
[www.mukundexports.com/rs-plugin/assets/arrow_left.png]
[www.mukundexports.com/rs-plugin/assets/arrow_right.png]
[www.mukundexports.com/rs-plugin/assets/small_left_boxed.png]
[www.mukundexports.com/rs-plugin/assets/small_right_boxed.png]
[www.mukundexports.com/rs-plugin/assets/arrowleft.png]
[www.mukundexports.com/rs-plugin/assets/arrowright.png]
[www.mukundexports.com/rs-plugin/assets/arrow_left2.png]
[www.mukundexports.com/rs-plugin/assets/arrow_right2.png]
[www.mukundexports.com/rs-plugin/assets/timer.png]
[www.mukundexports.com/rs-plugin/assets/coloredbg.png]
[www.mukundexports.com/rs-plugin/assets/loader.gif]
[www.mukundexports.com/rs-plugin/font/revicons90c690c6.eot]
[www.mukundexports.com/rs-plugin/font/revicons90c690c6.woff]
[www.mukundexports.com/rs-plugin/font/revicons90c690c6.ttf]
[www.mukundexports.com/rs-plugin/css/settings.css]
[www.mukundexports.com/index-2.html]
[www.mukundexports.com/images/icic_bank.png]
[www.mukundexports.com/images/yes_bank.png]
[www.mukundexports.com/js/jquery.fancybox.js]
[www.mukundexports.com/js/jquery.fancybox.pack.js]
[www.mukundexports.com/js/custom.js]
[www.mukundexports.com/about-us.html]
[www.mukundexports.com/images/fresh-fruits/jackfruit.jpg]
[www.mukundexports.com/images/fresh-fruits/mango.jpg]
[www.mukundexports.com/images/fresh-fruits/guavas.jpg]
[www.mukundexports.com/images/fresh-fruits/pears.jpg]
[www.mukundexports.com/images/fresh-fruits/grapes.jpg]
[www.mukundexports.com/images/fresh-fruits/dragon-fruit.jpg]
[www.mukundexports.com/images/fresh-fruits/lichi.jpg]
[www.mukundexports.com/images/fresh-fruits/papaya.jpg]
[www.mukundexports.com/images/fresh-fruits/banana.jpg]
[www.mukundexports.com/images/fresh-fruits/oranges.jpg]
[www.mukundexports.com/images/fresh-fruits/watermelon.jpg]
[www.mukundexports.com/images/fresh-fruits/apple.jpg]
[www.mukundexports.com/images/fresh-fruits/coconut.jpg]
[www.mukundexports.com/images/fresh-fruits/pineapple.jpg]
[www.mukundexports.com/images/fresh-fruits/pomegranates.jpg]
[www.mukundexports.com/images/fresh-fruits/ber.jpg]
[www.mukundexports.com/images/fresh-fruits/chikoo.jpg]
[www.mukundexports.com/images/fresh-fruits/strawberry.jpg]
[www.mukundexports.com/images/fresh-fruits/lemons.jpg]
[www.mukundexports.com/js/sweet-alert.min.js]
[www.mukundexports.com/js/enq-form.js]
[www.mukundexports.com/fresh-fruits.html]
[www.mukundexports.com/images/fresh-veggies/bitter-gourd.jpg]
[www.mukundexports.com/images/fresh-veggies/brinjal.jpg]
[www.mukundexports.com/images/fresh-veggies/cabbage.jpg]
[www.mukundexports.com/images/fresh-veggies/cauliflower-image.jpg]
[www.mukundexports.com/images/fresh-veggies/drumstick.jpg]
[www.mukundexports.com/images/fresh-veggies/ladyfinger.jpg]
[www.mukundexports.com/images/fresh-veggies/raddish.jpg]
[www.mukundexports.com/images/fresh-veggies/mushroom.jpg]
[www.mukundexports.com/images/fresh-veggies/green-chilli.jpg]
[www.mukundexports.com/images/fresh-veggies/doodhi.jpg]
[www.mukundexports.com/images/fresh-veggies/gawar.jpg]
[www.mukundexports.com/images/fresh-veggies/carrots.jpg]
[www.mukundexports.com/images/fresh-veggies/cucumber.jpg]
[www.mukundexports.com/images/fresh-veggies/valor-papdi.jpg]
[www.mukundexports.com/images/fresh-veggies/papdi.jpg]
[www.mukundexports.com/images/fresh-veggies/amla.jpg]
[www.mukundexports.com/images/fresh-veggies/green-chawli.jpg]
[www.mukundexports.com/images/fresh-veggies/onion.jpg]
[www.mukundexports.com/images/fresh-veggies/elephant-yam.jpg]
[www.mukundexports.com/images/fresh-veggies/tomato.jpg]
[www.mukundexports.com/fresh-vegetables.html]
[www.mukundexports.com/images/leafy-veggies/arugula.jpg]
[www.mukundexports.com/images/leafy-veggies/butter-head.jpg]
[www.mukundexports.com/images/leafy-veggies/collard-greens.jpg]
[www.mukundexports.com/images/leafy-veggies/dill.jpg]
[www.mukundexports.com/images/leafy-veggies/kale.jpg]
[www.mukundexports.com/images/leafy-veggies/methi.jpg]
[www.mukundexports.com/images/leafy-veggies/microgreens.jpg]
[www.mukundexports.com/images/leafy-veggies/romaine.jpg]
[www.mukundexports.com/images/leafy-veggies/curry-leaves.jpg]
[www.mukundexports.com/images/leafy-veggies/spinach.jpg]
[www.mukundexports.com/images/leafy-veggies/mint-leaves.jpg]
[www.mukundexports.com/leafy-vegetables.html]
[www.mukundexports.com/images/root-veggies/jerusalem.jpg]
[www.mukundexports.com/images/root-veggies/potatoes.jpg]
[www.mukundexports.com/images/root-veggies/sweet-potatoes.jpg]
[www.mukundexports.com/images/root-veggies/kohlrabi-1.jpg]
[www.mukundexports.com/images/root-veggies/taro.jpg]
[www.mukundexports.com/images/root-veggies/garlic.jpg]
[www.mukundexports.com/images/root-veggies/ginger.jpg]
[www.mukundexports.com/images/root-veggies/onion.jpg]
[www.mukundexports.com/root-vegetables.html]
[www.mukundexports.com/images/plant/plant-1.jpg]
[www.mukundexports.com/images/plant/plant-2.jpg]
[www.mukundexports.com/images/plant/plant-3.jpg]
[www.mukundexports.com/images/plant/plant-4.jpg]
[www.mukundexports.com/images/plant/plant-9.jpg]
[www.mukundexports.com/images/plant/plant-6.jpg]
[www.mukundexports.com/images/plant/plant-7.jpg]
[www.mukundexports.com/images/plant/plant-8.jpg]
[www.mukundexports.com/images/plant/9.jpg]
[www.mukundexports.com/images/plant/mukund-1.jpg]
[www.mukundexports.com/images/plant/mukund-3.jpg]
[www.mukundexports.com/images/plant/mukund-4.jpg]
[www.mukundexports.com/images/plant/13.jpg]
[www.mukundexports.com/images/plant/12.jpg]
[www.mukundexports.com/pack-house.html]
[www.mukundexports.com/contact-us.html]
[www.mukundexports.com/fonts/glyphicons-halflings-regular.html]
[www.mukundexports.com/fonts/glyphicons-halflings-regulard41d.html]
[www.mukundexports.com/fonts/glyphicons-halflings-regular-2.html]
[www.mukundexports.com/fonts/glyphicons-halflings-regular-3.html]
[www.mukundexports.com/fonts/glyphicons-halflings-regular-4.html]
[www.mukundexports.com/fonts/glyphicons-halflings-regular-5.html]
[www.mukundexports.com/fonts/fontawesome-webfont3e6e.svg]
[www.mukundexports.com/images/triangle.svg]
[www.mukundexports.com/css/owl.video.play.html]
[www.mukundexports.com/rs-plugin/font/revicons90c690c6.svg]
[www.mukundexports.com/images/fancybox_sprite.png]
[www.mukundexports.com/images/fancybox_loading.gif]
[www.mukundexports.com/images/blank.gif]
[www.mukundexports.com/images/fancybox_overlay.png]
[www.mukundexports.com/images/fancybox_sprite@2x.png]
[www.mukundexports.com/images/fancybox_loading@2x.gif]
[www.mukundexports.com/css/jquery.fancybox.css]
[www.mukundexports.com/css/alert-box.css]
[www.mukundexports.com/images/fancybox_loading.html]
[www.mukundexports.com/images/blank.html]
[www.mukundexports.com/images/fancybox_loading@2x.html]
